#-----------------------------------------------------------
# Vivado v2024.2 (64-bit)
# SW Build 5239630 on Fri Nov 08 22:34:34 MST 2024
# IP Build 5239520 on Sun Nov 10 16:12:51 MST 2024
# SharedData Build 5239561 on Fri Nov 08 14:39:27 MST 2024
# Start of session at: Wed May 14 18:57:52 2025
# Process ID         : 212540
# Current directory  : /home/ethan/Documents/ee119c/Class_D_Amp_2025/src/class_d_amplifier/class_d_amplifier.runs/impl_1
# Command line       : vivado -log clk_setup_wrapper.vdi -applog -product Vivado -messageDb vivado.pb -mode batch -source clk_setup_wrapper.tcl -notrace
# Log file           : /home/ethan/Documents/ee119c/Class_D_Amp_2025/src/class_d_amplifier/class_d_amplifier.runs/impl_1/clk_setup_wrapper.vdi
# Journal file       : /home/ethan/Documents/ee119c/Class_D_Amp_2025/src/class_d_amplifier/class_d_amplifier.runs/impl_1/vivado.jou
# Running On         : legolas
# Platform           : unknown
# Operating System   : unknown
# Processor Detail   : AMD Ryzen 7 PRO 6850U with Radeon Graphics
# CPU Frequency      : 2051.383 MHz
# CPU Physical cores : 8
# CPU Logical cores  : 16
# Host memory        : 15449 MB
# Swap memory        : 8589 MB
# Total Virtual      : 24038 MB
# Available Virtual  : 15394 MB
#-----------------------------------------------------------
source clk_setup_wrapper.tcl -notrace
